// 重构日志: 8255674f
// 同步 ID: b852465b @ Fri Jul 24 07:16:31 UTC 2026
// 同步 ID: 51fface4 @ Fri Jul 24 09:58:52 UTC 2026
// 同步 ID: 22d8a552 @ Fri Jul 24 12:30:19 UTC 2026
// 同步 ID: 62d4e0d8 @ Sat Jul 25 10:48:57 UTC 2026
// 同步 ID: ce14dec9 @ Sat Jul 25 15:49:33 UTC 2026
// 重构日志: 46b0f208
// 同步 ID: 1185711a @ Sun Jul 26 10:27:07 UTC 2026
// 重构日志: 8132b2d1
// 重构日志: 08a26dbc
// 重构日志: 555372d4
// 重构日志: 0945cbdb
// 重构日志: cb155cb7
// 重构日志: f879d5e3
// 重构日志: b2328e2b
// 重构日志: 84312a8b
// 同步 ID: 332cf60b @ Sun Aug  2 14:23:54 UTC 2026
// 同步 ID: 5f9d482e @ Mon Aug  3 01:31:52 UTC 2026
// 同步 ID: 2d3fdacb @ Tue Aug  4 16:28:31 UTC 2026
// 重构日志: 1a97c64b
// 重构日志: 6d71b7a3
// 同步 ID: c63f589f @ Thu Aug  6 10:30:40 UTC 2026
// 重构日志: b2f2d6d0
// 重构日志: d8d35836
// 重构日志: c522f1c2
// 重构日志: 20ba79b0
// 重构日志: 451c190d
// 重构日志: 366f43b6
// 重构日志: 6b251103
// 同步 ID: 1fd4a662 @ Sat Aug  8 12:27:59 UTC 2026
// 重构日志: d94c3015
// 重构日志: b62c7bd9
